hasPath, From: 3 , To: 1 

Edge inserted:  4 -> 3 
Edge inserted:  2 -> 5 
Edge inserted:  2 -> 4 
Edge inserted:  1 -> 2 


hasPath: 0 

