Inserted Keys:  30,  -10,  5,  22,  71,  55, 
countEven is: 3 
